
> alphaforge-robinhood-chain-hackathon@0.1.0 test:fair-launch
> node --test --test-isolation=none test/launch-adapters.test.ts test/launch-market-state.test.ts test/launch-market-service.test.ts test/launch-market-ui-client.test.ts test/launch-market-ui-shell.test.ts test/launch-market-indexer.test.ts test/launch-stock-reference.test.ts test/launch-market-ui-executor.test.ts test/launch-market-ui-activity.test.ts test/launch-market-storage-snapshot.test.ts

✔ native reference checks both exchange timestamps and disagreement without price floating point (117.223644ms)
✔ reference outage and oversized payload never produce a new native quotation (16.849389ms)
✔ existing verified session bridge rejects native/demo users, revoked identity and CSRF forgery (156.990469ms)
✔ raw canonical logs discover pools and isolated vaults, and index real transfers and swaps across restart (1056.11927ms)
✔ claim logs without a browser submission reconcile durable vouchers after three inclusive blocks and preserve eligibility on reorg (938.883597ms)
✔ foreign log emitters and wrong chains cannot advance the durable canonical cursor (242.004951ms)
✔ dedicated server reports NOT_DEPLOYED and enforces host, origin, strict input, and trusted authentication (4128.282647ms)
✔ server shutdown ends a real open SSE connection before Fastify drains connections (1117.235642ms)
✔ wallet projection exposes account linkage only for the genuinely bound wallet (355.111022ms)
✔ missing deployment never serves a sample market or prepares transactions (255.794582ms)
✔ native quote binds account, chain, canonical quote, expiry and exact wallet calldata (537.408ms)
✔ a reorg after the last RPC read never publishes a non-canonical market head (267.022287ms)
✔ new native quotes reject stale/future references and unavailable ETH sales leave AF-USDC path open (162.128167ms)
✔ approval deficit is explicit and other simulation failures never create executable quotes (266.053595ms)
✔ Mint precision and final inventory are checked before signing; native amount stays separate from PASS input (270.288346ms)
✔ claim quote has one durable voucher across concurrent preparations and exact EIP712 payout identity (204.795461ms)
✔ submission validates actual from/to/data/value and inclusion stays pending until three L2 blocks (459.467725ms)
✔ HTTP routes reject browser-provided email verification and require a trusted session for signatures (700.030733ms)
✔ verified opaque identities survive restart and preserve exact email distinctions (205.662069ms)
✔ wallet binding requires a matching unexpired signature bound to the authenticated account (251.748459ms)
✔ one claim voucher persists across restart, login, wallet changes and reorg (135.062323ms)
✔ claim reservation enforces 100 slots, expiration and canonical success count without resetting eligibility (21272.825957ms)
✔ canonical claims require the preserved identity and original voucher before issuing another account voucher (13541.814122ms)
✔ projector rejects old updates, rewinds canonical claims and keeps durable monotonic versions (269.188548ms)
✔ SSE delivery bounds 100 connections and releases slots when subscribers close (0.770675ms)
✔ money quotes preserve integer precision and match exact contract fee rounding (0.493296ms)
✔ offline WAL backup and restore preserve opaque accounts, completed vouchers, canonical events, and exact namespace bytes (637.756179ms)
✔ offline copies reject a held server lock, an existing destination, mismatched namespace and foreign database without overwriting (230.375701ms)
✔ restore rejects altered eligibility data and source links or unrecognized files (314.56658ms)
✔ canonical schema pins reject a changed CHECK or unique predicate with unchanged table columns and index names (287.681165ms)
✔ target integrity rejects violated CHECK data under the unchanged canonical schema while retaining source bytes (118.850238ms)
✔ activity reads only an active trade route and reuses projections across renders for five seconds (343.231575ms)
✔ a hundred SSE notifications coalesce into one bounded refresh (3.612994ms)
✔ actual indexed OHLCV, holder quantities and event evidence render without fabricated candles (8.646902ms)
✔ indexer failures and invalid candle ranges show unavailable data while independent sections remain readable (4.553839ms)
✔ a reorg clears cached candles and holders even while off the trade page (1.340921ms)
✔ LP-token transfer logs are never described as PASS ownership transfers (1.47396ms)
✔ an older API projection cannot replace the accepted market history without reorg recovery (1.244015ms)
✔ absent chain-market route keeps the existing workshop; NOT_DEPLOYED performs no asset or wallet request (3.605871ms)
✔ quote review binds owner, strategy, asset, amount, recipient and slippage before a wallet send (6.078145ms)
✔ ETH is native transaction value, with no token approval or AF-ETH substitution (19.909325ms)
✔ ETH SELL validates the 1% USDC minimum before conversion rounding and rejects a lower signed minimum (30.045258ms)
✔ a wallet network change invalidates the quote and prevents a new send (10.524212ms)
✔ explicit wallet rejection is distinct from an uncertain submitted outcome (19.656139ms)
✔ registration failure preserves the hash and retries observation without broadcasting twice (12.589527ms)
✔ a returned hash or insufficient-depth projection cannot mark a transfer complete (5.176977ms)
✔ exact ERC-20 approval is a separate transaction and waits three inclusive blocks (14.271668ms)
✔ old synchronization messages cannot undo launch; reorg invalidates quote and rereads chain state (12.022105ms)
✔ same-origin mutations acquire session CSRF without asserting a browser supplied email (8.100475ms)
✔ bounded nested production API error codes remain available for claim and ETH recovery messages (1.68792ms)
✔ an API read failure cannot release the outstanding wallet confirmation lock (7.962445ms)
✔ reload recovers the durable outstanding operation without sending another transaction (5.842259ms)
✔ executor permission is separately reviewed and sends the exact new owner Vault ABI with zero ETH (41.008969ms)
✔ revoke permission uses only revokeExecutor and never executes or sells a position (38.598408ms)
✔ invalid executor authority parameters are rejected before any transaction is sent (64.217635ms)
✔ changing owner, network or execution version after review prevents wallet send (83.699194ms)
✔ executor receipts require three inclusive canonical blocks and exact owner calldata, then refresh permission (51.020672ms)
✔ reload recovers only submitted transaction metadata without rebroadcasting or projecting balances (26.330463ms)
✔ a reorganized executor receipt stays pending and never triggers another wallet transaction (33.933007ms)
✔ unknown broadcast survives reload and verifies an existing hash before releasing recovery (48.168512ms)
✔ executor journal resumes after a recovered server operation completes (64.532401ms)
✔ a later reorg restores confirmed executor evidence and rereads the original transaction (68.257755ms)
✔ Minting and Live Trading use independent actual projections with the existing design classes (16.197362ms)
✔ NOT_DEPLOYED displays unknown actual balances and disables genuine operations (2.559364ms)
✔ the final Mint review explains atomic automatic launch and includes its real gas (40.802835ms)
✔ insufficient ETH conversion liquidity blocks only the affected path (10.921677ms)
✔ a claim needs a funded chain reserve and a server verified account relationship (0.595865ms)
✔ amount inputs preserve base units and reject silent precision truncation (4.236985ms)
✔ Vault readouts separate real strategy principal and PnL from PASS market prices (14.724589ms)
✔ provider calendar regular sessions handle New York DST and early close without weekday guessing (65.679518ms)
✔ holidays and outside regular session return closed without fetching or fabricating stock prices (11.806418ms)
✔ stale/future quotes or contradictory calendar clock prevent new stock references (5.531666ms)
✔ keeper preparation binds actual fresh reference and calendar calldata, never signs or broadcasts (11.571426ms)
ℹ tests 73
ℹ suites 0
ℹ pass 73
ℹ fail 0
ℹ cancelled 0
ℹ skipped 0
ℹ todo 0
ℹ duration_ms 54993.806117
