producer=Macbeth02
task=M3-02-PHASE1-CONTRACTS
evidence_type=EXISTING_LCOV_SCOPE_CLASSIFICATION
classified_at_utc=2026-09-20T10:50:35+00:00
coverage_executed_this_turn=false
source_checkpoint=a13052993b6f408b7be835ecd6f4b13ef6df367d
manager_source=3a78e34ba933f1e3239424d3bf0b1e27b1a65bb8
source_binding=contracts subtree 0fa7e3e471f32a6d6b742e42540add6e047b536a is identical
lcov_sha256=ab68b1355c159d195c72ef262246b7ad7ffcc5fcee0b127fa31b2141ffa95115
classification=This reads the retained independently reproduced LCOV; it is not a new coverage run.
OPTIONAL_OR_HISTORICAL_PRODUCTION	src/AlphaForgeSwapAdapter.sol	lines=41/45	branches=5/8	functions=5/5
OPTIONAL_OR_HISTORICAL_PRODUCTION	src/AlphaForgeTestAsset.sol	lines=4/4	branches=0/0	functions=2/2
OPTIONAL_OR_HISTORICAL_PRODUCTION	src/AlphaForgeTestVenue.sol	lines=74/76	branches=10/16	functions=10/10
FROZEN_CORE	src/AlphaForgeVault.sol	lines=151/151	branches=43/43	functions=22/22
FROZEN_CORE	src/PassLocker.sol	lines=39/39	branches=9/9	functions=7/7
FROZEN_CORE	src/StrategyPass.sol	lines=4/4	branches=1/1	functions=1/1
OPTIONAL_OR_HISTORICAL_PRODUCTION	src/VaultIntentPreview.sol	lines=17/17	branches=0/0	functions=1/1
TEST_SUPPORT	test/AlphaForgeTestVenue.invariant.t.sol	lines=22/22	branches=5/8	functions=6/6
TEST_SUPPORT	test/AlphaForgeVault.accounting.invariant.t.sol	lines=63/63	branches=28/34	functions=12/12
TEST_SUPPORT	test/AlphaForgeVault.custody.t.sol	lines=5/5	branches=1/2	functions=2/2
TEST_SUPPORT	test/StrategyPass.invariant.t.sol	lines=19/23	branches=3/6	functions=5/6
TEST_SUPPORT	test/StrategyPass.t.sol	lines=2/2	branches=1/2	functions=1/1
TEST_SUPPORT	test/VaultIntentPreview.invariant.t.sol	lines=10/10	branches=2/4	functions=2/2
TEST_SUPPORT	test/harness/AlphaForgeVaultHarness.sol	lines=42/47	branches=1/16	functions=8/8
TEST_SUPPORT	test/mocks/ConfigurableAsset.sol	lines=29/31	branches=3/5	functions=9/9
TEST_SUPPORT	test/mocks/MaliciousVenue.sol	lines=20/26	branches=2/2	functions=4/7
TEST_SUPPORT	test/mocks/ReentrantAsset.sol	lines=22/22	branches=1/1	functions=6/6
TEST_SUPPORT	test/mocks/ReentrantPass.sol	lines=13/17	branches=1/1	functions=4/5
result=CLASSIFIED_WITHOUT_COUNTER_MUTATION
core_conclusion=AlphaForgeVault, PassLocker and StrategyPass have complete recorded line/branch/function coverage.
broader_gap=AlphaForgeSwapAdapter and AlphaForgeTestVenue retain uncovered lines/branches; they are compiled inventory outside the minimum Phase One deployment candidate because strategy execution is excluded.
support_gap=Several invariant harness and malicious/mock paths remain uncovered and contribute to the full compiled denominator.
action=Do not change business scope, counters, assertions or production behavior to make the broad optional/support denominator read 100%.
