producer=Macbeth02
task=M3-02-PHASE1-CONTRACTS
scope=Phase One entrypoint cwd correction
base_commit=bbf54cc9136a0e40dc7ace300be82b31e0584e39
transcript_policy=raw logs retained locally unchanged; task-root paths redacted and trailing whitespace normalized in this public copy
initial_red_raw_log=.checks/af-chain01/evidence/phase1-entry-red.log
initial_red_raw_sha256=d9cedbe3a6a1eaf7b7920fb2731cfc8bdcb2e394244539b2daecac6484f7c793

raw_log=.checks/af-chain01/evidence/phase1-entry-red-relative.log
raw_sha256=80e0715f40f95ab93a5e98e1b6f634a8a33275853c848d10c981cb08e4d8f545
test_rehearsal_runs_in_contract_project_from_any_caller (test_phase1_gate_entry.Phase1GateEntryTests.test_rehearsal_runs_in_contract_project_from_any_caller) ...
  test_rehearsal_runs_in_contract_project_from_any_caller (test_phase1_gate_entry.Phase1GateEntryTests.test_rehearsal_runs_in_contract_project_from_any_caller) (caller='.') ... FAIL
  test_rehearsal_runs_in_contract_project_from_any_caller (test_phase1_gate_entry.Phase1GateEntryTests.test_rehearsal_runs_in_contract_project_from_any_caller) (caller='unrelated caller') ... FAIL

======================================================================
FAIL: test_rehearsal_runs_in_contract_project_from_any_caller (test_phase1_gate_entry.Phase1GateEntryTests.test_rehearsal_runs_in_contract_project_from_any_caller) (caller='.')
----------------------------------------------------------------------
Traceback (most recent call last):
  File "<TASK_ROOT>/contracts/script/tests/test_phase1_gate_entry.py", line 50, in test_rehearsal_runs_in_contract_project_from_any_caller
    self.assertEqual(
AssertionError: '.' != 'contracts'
- .
+ contracts
 : rehearsal selected the caller directory instead of contracts

======================================================================
FAIL: test_rehearsal_runs_in_contract_project_from_any_caller (test_phase1_gate_entry.Phase1GateEntryTests.test_rehearsal_runs_in_contract_project_from_any_caller) (caller='unrelated caller')
----------------------------------------------------------------------
Traceback (most recent call last):
  File "<TASK_ROOT>/contracts/script/tests/test_phase1_gate_entry.py", line 50, in test_rehearsal_runs_in_contract_project_from_any_caller
    self.assertEqual(
AssertionError: 'unrelated caller' != 'contracts'
- unrelated caller
+ contracts
 : rehearsal selected the caller directory instead of contracts

----------------------------------------------------------------------
Ran 1 test in 0.443s

FAILED (failures=2)

exit=1


raw_log=.checks/af-chain01/evidence/phase1-entry-green.log
raw_sha256=d7a21d764405fbaa9177bd12e33242fc7cfa79ad6ad21ad03be9fd0efacb1667
test_rehearsal_runs_in_contract_project_from_any_caller (test_phase1_gate_entry.Phase1GateEntryTests.test_rehearsal_runs_in_contract_project_from_any_caller) ... ok

----------------------------------------------------------------------
Ran 1 test in 0.648s

OK

exit=0


raw_log=.checks/af-chain01/evidence/phase1-entry-rehearsal.log
raw_sha256=872c2ee121308e1cf2231d6b32c281433830a47692e06584a4642d6eb0685437
producer=Macbeth02
scope=targeted real offline rehearsal after gate cwd fix
executed_at_utc=2026-09-20T15:55:47.287349+00:00
cwd=contracts
network=OFFLINE; rpc=NONE; signing=NONE; broadcast=NONE
command=forge config --json
exit=0
{
  "src": "src",
  "test": "test",
  "script": "script",
  "out": "../.checks/af-chain01/out",
  "libs": [
    "node_modules"
  ],
  "remappings": [
    "@openzeppelin/contracts/=node_modules/@alphaforge/openzeppelin-pinned/"
  ],
  "auto_detect_remappings": false,
  "libraries": [],
  "cache": true,
  "dynamic_test_linking": false,
  "cache_path": "../.checks/af-chain01/cache",
  "snapshots": "snapshots",
  "gas_snapshot_check": false,
  "gas_snapshot_emit": true,
  "broadcast": "broadcast",
  "allow_paths": [],
  "include_paths": [],
  "skip": [],
  "force": false,
  "evm_version": "paris",
  "gas_reports": [
    "*"
  ],
  "gas_reports_ignore": [],
  "gas_reports_include_tests": false,
  "solc": "../.checks/af-chain01/toolchain/bin/solc",
  "auto_detect_solc": false,
  "offline": true,
  "optimizer": false,
  "optimizer_runs": 200,
  "optimizer_details": null,
  "model_checker": null,
  "verbosity": 0,
  "eth_rpc_url": null,
  "eth_rpc_accept_invalid_certs": false,
  "eth_rpc_jwt": null,
  "eth_rpc_timeout": null,
  "eth_rpc_headers": null,
  "etherscan_api_key": null,
  "ignored_error_codes": [
    "license",
    "code-size",
    "init-code-size",
    "transient-storage"
  ],
  "ignored_warnings_from": [],
  "deny": "never",
  "match_test": null,
  "no_match_test": null,
  "match_contract": null,
  "no_match_contract": null,
  "match_path": null,
  "no_match_path": null,
  "no_match_coverage": null,
  "test_failures_file": "cache/test-failures",
  "threads": null,
  "show_progress": false,
  "fuzz": {
    "runs": 256,
    "fail_on_revert": true,
    "max_test_rejects": 65536,
    "seed": "0x4",
    "dictionary_weight": 40,
    "include_storage": true,
    "include_push_bytes": true,
    "max_fuzz_dictionary_addresses": 15728640,
    "max_fuzz_dictionary_values": 9830400,
    "max_fuzz_dictionary_literals": 6553600,
    "gas_report_samples": 256,
    "corpus_dir": null,
    "corpus_gzip": true,
    "corpus_min_mutations": 5,
    "corpus_min_size": 0,
    "show_edge_coverage": false,
    "failure_persist_dir": "cache/fuzz",
    "show_logs": false,
    "timeout": null
  },
  "invariant": {
    "runs": 64,
    "depth": 32,
    "fail_on_revert": true,
    "call_override": false,
    "dictionary_weight": 80,
    "include_storage": true,
    "include_push_bytes": true,
    "max_fuzz_dictionary_addresses": 15728640,
    "max_fuzz_dictionary_values": 9830400,
    "max_fuzz_dictionary_literals": 6553600,
    "shrink_run_limit": 5000,
    "max_assume_rejects": 65536,
    "gas_report_samples": 256,
    "corpus_dir": null,
    "corpus_gzip": true,
    "corpus_min_mutations": 5,
    "corpus_min_size": 0,
    "show_edge_coverage": false,
    "failure_persist_dir": "cache/invariant",
    "show_metrics": true,
    "timeout": null,
    "show_solidity": false
  },
  "ffi": false,
  "allow_internal_expect_revert": false,
  "always_use_create_2_factory": false,
  "prompt_timeout": 120,
  "sender": "0x1804c8ab1f12e6bbf3894d4083f33e07309d1f38",
  "tx_origin": "0x1804c8ab1f12e6bbf3894d4083f33e07309d1f38",
  "initial_balance": "0xffffffffffffffffffffffff",
  "block_number": 1,
  "fork_block_number": null,
  "chain_id": null,
  "gas_limit": 1073741824,
  "code_size_limit": null,
  "gas_price": null,
  "block_base_fee_per_gas": 0,
  "block_coinbase": "0x0000000000000000000000000000000000000000",
  "block_timestamp": 1,
  "block_difficulty": 0,
  "block_prevrandao": "0x0000000000000000000000000000000000000000000000000000000000000000",
  "block_gas_limit": null,
  "memory_limit": 134217728,
  "extra_output": [],
  "extra_output_files": [],
  "names": false,
  "sizes": false,
  "via_ir": false,
  "ast": false,
  "rpc_storage_caching": {
    "chains": "all",
    "endpoints": "all"
  },
  "no_storage_caching": false,
  "no_rpc_rate_limit": false,
  "use_literal_content": false,
  "bytecode_hash": "none",
  "cbor_metadata": false,
  "revert_strings": null,
  "sparse_mode": false,
  "build_info": false,
  "build_info_path": null,
  "fmt": {
    "line_length": 100,
    "tab_width": 4,
    "style": "space",
    "bracket_spacing": true,
    "int_types": "long",
    "multiline_func_header": "attributes_first",
    "quote_style": "double",
    "number_underscore": "preserve",
    "hex_underscore": "remove",
    "single_line_statement_blocks": "preserve",
    "override_spacing": false,
    "wrap_comments": false,
    "docs_style": "preserve",
    "ignore": [],
    "contract_new_lines": false,
    "sort_imports": false,
    "pow_no_space": false,
    "prefer_compact": "all",
    "single_line_imports": false
  },
  "lint": {
    "severity": [],
    "exclude_lints": [],
    "ignore": [],
    "lint_on_build": true,
    "mixed_case_exceptions": [
      "ERC",
      "URI"
    ]
  },
  "doc": {
    "out": "docs",
    "title": "",
    "book": "book.toml",
    "homepage": "README.md",
    "ignore": []
  },
  "bind_json": {
    "out": "utils/JsonBindings.sol",
    "include": [],
    "exclude": []
  },
  "fs_permissions": [],
  "isolate": false,
  "disable_block_gas_limit": false,
  "enable_tx_gas_limit": false,
  "labels": {},
  "unchecked_cheatcode_artifacts": false,
  "create2_library_salt": "0x0000000000000000000000000000000000000000000000000000000000000000",
  "create2_deployer": "0x4e59b44847b379578588920ca78fbf26c0b4956c",
  "vyper": {},
  "dependencies": null,
  "soldeer": null,
  "assertions_revert": true,
  "legacy_assertions": false,
  "celo": false,
  "bypass_prevrandao": false,
  "transaction_timeout": 120,
  "additional_compiler_profiles": [],
  "compilation_restrictions": [],
  "script_execution_protection": true
}

command=forge test --offline --match-path test/Phase1DeploymentRehearsal.t.sol
exit=0
No files changed, compilation skipped

Ran 2 tests for test/Phase1DeploymentRehearsal.t.sol:Phase1DeploymentRehearsalTest
[PASS] test_DeployerAndCreatorCannotOperateTheOwnerVault() (gas: 6525097)
[PASS] test_RehearseDeploymentAndCompleteOwnerLifecycleWithoutExternalRpc() (gas: 6780326)
Suite result: ok. 2 passed; 0 failed; 0 skipped; finished in 5.91ms (4.84ms CPU time)

Ran 1 test suite in 11.09ms (5.91ms CPU time): 2 tests passed, 0 failed, 0 skipped (2 total tests)
